// Jest Snapshot v1, https://goo.gl/fbAQLP

exports[`Home it should render 1`] = `
<div
  className="container mt-5"
>
  <div
    className="row"
  >
    <div
      className="col"
    >
      <h2>
        Home Page
      </h2>
      <h1
        className="display-4"
      >
        Hi there!
      </h1>
    </div>
  </div>
</div>
`;
